// Jest Snapshot v1, https://goo.gl/fbAQLP

exports[`Author renders correctly 1`] = `
<div
  className="author"
>
  <p
    className="author__bio"
  >
    Test bio
    <a
      className="author__bio-email"
      href="mailto:#"
      rel="noopener noreferrer"
      target="_blank"
    >
      <strong>
         Contact me
      </strong>
    </a>
  </p>
</div>
`;
